// Jest Snapshot v1, https://goo.gl/fbAQLP

exports[`snapshot 1`] = `
<DocumentFragment>
  <form
    class="NewTodoForm"
  >
    <label
      for="todoText"
    >
      New Todo
    </label>
    <input
      id="todoText"
      name="todoText"
      type="text"
      value=""
    />
    <input
      type="submit"
      value="Add Todo!"
    />
  </form>
</DocumentFragment>
`;
